==========================================
  Batch Loading Benchmark
  Runs:      30 per mode
  Modes:     baseline
  DB Size:   250 GB
  Cache:     2 GB
  DB Dir:    /work/vcomp/260408_1553_250gb_x30
  Log Dir:   /home/smrc/virtual_compaction/eval-vcomp/log_batch/260408_1553_250gb_x30
==========================================

============ baseline x 30 ============

────────────────────────────────────────
[baseline_run1] Starting (Wed 08 Apr 2026 03:53:17 PM UTC)
────────────────────────────────────────
=== baseline | 250GB | Wed 08 Apr 2026 03:53:17 PM UTC ===
[MODE] baseline
[RUN_CMD]
/home/smrc/virtual_compaction/eval-vcomp/../vcomp/db_bench --statistics=1 --stats_interval_seconds=60 --stats_per_interval=1 --report_interval_seconds=10 --report_file=/home/smrc/virtual_compaction/eval-vcomp/log_batch/260408_1553_250gb_x30/baseline_run1/report.rep --cache_size=2147483648 --enable_index_compression=false --bloom_bits=10 --disable_wal=true --max_background_jobs=48 --num=262144000 --key_size=24 --value_size=1000 --seed=12345678 --db=/work/vcomp/260408_1553_250gb_x30/baseline_run1 --use_direct_reads=true --use_direct_io_for_flush_and_compaction=true --compression_type=none --benchmarks=fillrandom\,waitforcompaction\,stats\,levelstats 
[INFO] Page cache dropped (sudo)

=== Summary ===
Mode:      baseline
DB Size:   177G
Keys:      262144000
Elapsed:   916 sec
Log:       /home/smrc/virtual_compaction/eval-vcomp/log_batch/260408_1553_250gb_x30/baseline_run1
DB:        /work/vcomp/260408_1553_250gb_x30/baseline_run1
Exit code: 0
[baseline_run1] Done: 916s, 177G

────────────────────────────────────────
[baseline_run2] Starting (Wed 08 Apr 2026 04:08:33 PM UTC)
────────────────────────────────────────
=== baseline | 250GB | Wed 08 Apr 2026 04:08:33 PM UTC ===
[MODE] baseline
[RUN_CMD]
/home/smrc/virtual_compaction/eval-vcomp/../vcomp/db_bench --statistics=1 --stats_interval_seconds=60 --stats_per_interval=1 --report_interval_seconds=10 --report_file=/home/smrc/virtual_compaction/eval-vcomp/log_batch/260408_1553_250gb_x30/baseline_run2/report.rep --cache_size=2147483648 --enable_index_compression=false --bloom_bits=10 --disable_wal=true --max_background_jobs=48 --num=262144000 --key_size=24 --value_size=1000 --seed=12345678 --db=/work/vcomp/260408_1553_250gb_x30/baseline_run2 --use_direct_reads=true --use_direct_io_for_flush_and_compaction=true --compression_type=none --benchmarks=fillrandom\,waitforcompaction\,stats\,levelstats 
[INFO] Page cache dropped (sudo)

=== Summary ===
Mode:      baseline
DB Size:   177G
Keys:      262144000
Elapsed:   920 sec
Log:       /home/smrc/virtual_compaction/eval-vcomp/log_batch/260408_1553_250gb_x30/baseline_run2
DB:        /work/vcomp/260408_1553_250gb_x30/baseline_run2
Exit code: 0
[baseline_run2] Done: 920s, 177G

────────────────────────────────────────
[baseline_run3] Starting (Wed 08 Apr 2026 04:23:53 PM UTC)
────────────────────────────────────────
=== baseline | 250GB | Wed 08 Apr 2026 04:23:53 PM UTC ===
[MODE] baseline
[RUN_CMD]
/home/smrc/virtual_compaction/eval-vcomp/../vcomp/db_bench --statistics=1 --stats_interval_seconds=60 --stats_per_interval=1 --report_interval_seconds=10 --report_file=/home/smrc/virtual_compaction/eval-vcomp/log_batch/260408_1553_250gb_x30/baseline_run3/report.rep --cache_size=2147483648 --enable_index_compression=false --bloom_bits=10 --disable_wal=true --max_background_jobs=48 --num=262144000 --key_size=24 --value_size=1000 --seed=12345678 --db=/work/vcomp/260408_1553_250gb_x30/baseline_run3 --use_direct_reads=true --use_direct_io_for_flush_and_compaction=true --compression_type=none --benchmarks=fillrandom\,waitforcompaction\,stats\,levelstats 
[INFO] Page cache dropped (sudo)

=== Summary ===
Mode:      baseline
DB Size:   177G
Keys:      262144000
Elapsed:   917 sec
Log:       /home/smrc/virtual_compaction/eval-vcomp/log_batch/260408_1553_250gb_x30/baseline_run3
DB:        /work/vcomp/260408_1553_250gb_x30/baseline_run3
Exit code: 0
[baseline_run3] Done: 917s, 177G

────────────────────────────────────────
[baseline_run4] Starting (Wed 08 Apr 2026 04:39:10 PM UTC)
────────────────────────────────────────
=== baseline | 250GB | Wed 08 Apr 2026 04:39:10 PM UTC ===
[MODE] baseline
[RUN_CMD]
/home/smrc/virtual_compaction/eval-vcomp/../vcomp/db_bench --statistics=1 --stats_interval_seconds=60 --stats_per_interval=1 --report_interval_seconds=10 --report_file=/home/smrc/virtual_compaction/eval-vcomp/log_batch/260408_1553_250gb_x30/baseline_run4/report.rep --cache_size=2147483648 --enable_index_compression=false --bloom_bits=10 --disable_wal=true --max_background_jobs=48 --num=262144000 --key_size=24 --value_size=1000 --seed=12345678 --db=/work/vcomp/260408_1553_250gb_x30/baseline_run4 --use_direct_reads=true --use_direct_io_for_flush_and_compaction=true --compression_type=none --benchmarks=fillrandom\,waitforcompaction\,stats\,levelstats 
[INFO] Page cache dropped (sudo)

=== Summary ===
Mode:      baseline
DB Size:   177G
Keys:      262144000
Elapsed:   932 sec
Log:       /home/smrc/virtual_compaction/eval-vcomp/log_batch/260408_1553_250gb_x30/baseline_run4
DB:        /work/vcomp/260408_1553_250gb_x30/baseline_run4
Exit code: 0
[baseline_run4] Done: 932s, 177G

────────────────────────────────────────
[baseline_run5] Starting (Wed 08 Apr 2026 04:54:42 PM UTC)
────────────────────────────────────────
=== baseline | 250GB | Wed 08 Apr 2026 04:54:42 PM UTC ===
[MODE] baseline
[RUN_CMD]
/home/smrc/virtual_compaction/eval-vcomp/../vcomp/db_bench --statistics=1 --stats_interval_seconds=60 --stats_per_interval=1 --report_interval_seconds=10 --report_file=/home/smrc/virtual_compaction/eval-vcomp/log_batch/260408_1553_250gb_x30/baseline_run5/report.rep --cache_size=2147483648 --enable_index_compression=false --bloom_bits=10 --disable_wal=true --max_background_jobs=48 --num=262144000 --key_size=24 --value_size=1000 --seed=12345678 --db=/work/vcomp/260408_1553_250gb_x30/baseline_run5 --use_direct_reads=true --use_direct_io_for_flush_and_compaction=true --compression_type=none --benchmarks=fillrandom\,waitforcompaction\,stats\,levelstats 
[INFO] Page cache dropped (sudo)

=== Summary ===
Mode:      baseline
DB Size:   177G
Keys:      262144000
Elapsed:   918 sec
Log:       /home/smrc/virtual_compaction/eval-vcomp/log_batch/260408_1553_250gb_x30/baseline_run5
DB:        /work/vcomp/260408_1553_250gb_x30/baseline_run5
Exit code: 0
[baseline_run5] Done: 919s, 177G

────────────────────────────────────────
[baseline_run6] Starting (Wed 08 Apr 2026 05:10:01 PM UTC)
────────────────────────────────────────
=== baseline | 250GB | Wed 08 Apr 2026 05:10:01 PM UTC ===
[MODE] baseline
[RUN_CMD]
/home/smrc/virtual_compaction/eval-vcomp/../vcomp/db_bench --statistics=1 --stats_interval_seconds=60 --stats_per_interval=1 --report_interval_seconds=10 --report_file=/home/smrc/virtual_compaction/eval-vcomp/log_batch/260408_1553_250gb_x30/baseline_run6/report.rep --cache_size=2147483648 --enable_index_compression=false --bloom_bits=10 --disable_wal=true --max_background_jobs=48 --num=262144000 --key_size=24 --value_size=1000 --seed=12345678 --db=/work/vcomp/260408_1553_250gb_x30/baseline_run6 --use_direct_reads=true --use_direct_io_for_flush_and_compaction=true --compression_type=none --benchmarks=fillrandom\,waitforcompaction\,stats\,levelstats 
[INFO] Page cache dropped (sudo)

=== Summary ===
Mode:      baseline
DB Size:   177G
Keys:      262144000
Elapsed:   939 sec
Log:       /home/smrc/virtual_compaction/eval-vcomp/log_batch/260408_1553_250gb_x30/baseline_run6
DB:        /work/vcomp/260408_1553_250gb_x30/baseline_run6
Exit code: 0
[baseline_run6] Done: 939s, 177G

────────────────────────────────────────
[baseline_run7] Starting (Wed 08 Apr 2026 05:25:40 PM UTC)
────────────────────────────────────────
=== baseline | 250GB | Wed 08 Apr 2026 05:25:40 PM UTC ===
[MODE] baseline
[RUN_CMD]
/home/smrc/virtual_compaction/eval-vcomp/../vcomp/db_bench --statistics=1 --stats_interval_seconds=60 --stats_per_interval=1 --report_interval_seconds=10 --report_file=/home/smrc/virtual_compaction/eval-vcomp/log_batch/260408_1553_250gb_x30/baseline_run7/report.rep --cache_size=2147483648 --enable_index_compression=false --bloom_bits=10 --disable_wal=true --max_background_jobs=48 --num=262144000 --key_size=24 --value_size=1000 --seed=12345678 --db=/work/vcomp/260408_1553_250gb_x30/baseline_run7 --use_direct_reads=true --use_direct_io_for_flush_and_compaction=true --compression_type=none --benchmarks=fillrandom\,waitforcompaction\,stats\,levelstats 
[INFO] Page cache dropped (sudo)

=== Summary ===
Mode:      baseline
DB Size:   177G
Keys:      262144000
Elapsed:   915 sec
Log:       /home/smrc/virtual_compaction/eval-vcomp/log_batch/260408_1553_250gb_x30/baseline_run7
DB:        /work/vcomp/260408_1553_250gb_x30/baseline_run7
Exit code: 0
[baseline_run7] Done: 915s, 177G

────────────────────────────────────────
[baseline_run8] Starting (Wed 08 Apr 2026 05:40:55 PM UTC)
────────────────────────────────────────
=== baseline | 250GB | Wed 08 Apr 2026 05:40:55 PM UTC ===
[MODE] baseline
[RUN_CMD]
/home/smrc/virtual_compaction/eval-vcomp/../vcomp/db_bench --statistics=1 --stats_interval_seconds=60 --stats_per_interval=1 --report_interval_seconds=10 --report_file=/home/smrc/virtual_compaction/eval-vcomp/log_batch/260408_1553_250gb_x30/baseline_run8/report.rep --cache_size=2147483648 --enable_index_compression=false --bloom_bits=10 --disable_wal=true --max_background_jobs=48 --num=262144000 --key_size=24 --value_size=1000 --seed=12345678 --db=/work/vcomp/260408_1553_250gb_x30/baseline_run8 --use_direct_reads=true --use_direct_io_for_flush_and_compaction=true --compression_type=none --benchmarks=fillrandom\,waitforcompaction\,stats\,levelstats 
[INFO] Page cache dropped (sudo)

=== Summary ===
Mode:      baseline
DB Size:   177G
Keys:      262144000
Elapsed:   927 sec
Log:       /home/smrc/virtual_compaction/eval-vcomp/log_batch/260408_1553_250gb_x30/baseline_run8
DB:        /work/vcomp/260408_1553_250gb_x30/baseline_run8
Exit code: 0
[baseline_run8] Done: 928s, 177G

────────────────────────────────────────
[baseline_run9] Starting (Wed 08 Apr 2026 05:56:23 PM UTC)
────────────────────────────────────────
=== baseline | 250GB | Wed 08 Apr 2026 05:56:23 PM UTC ===
[MODE] baseline
[RUN_CMD]
/home/smrc/virtual_compaction/eval-vcomp/../vcomp/db_bench --statistics=1 --stats_interval_seconds=60 --stats_per_interval=1 --report_interval_seconds=10 --report_file=/home/smrc/virtual_compaction/eval-vcomp/log_batch/260408_1553_250gb_x30/baseline_run9/report.rep --cache_size=2147483648 --enable_index_compression=false --bloom_bits=10 --disable_wal=true --max_background_jobs=48 --num=262144000 --key_size=24 --value_size=1000 --seed=12345678 --db=/work/vcomp/260408_1553_250gb_x30/baseline_run9 --use_direct_reads=true --use_direct_io_for_flush_and_compaction=true --compression_type=none --benchmarks=fillrandom\,waitforcompaction\,stats\,levelstats 
[INFO] Page cache dropped (sudo)

=== Summary ===
Mode:      baseline
DB Size:   177G
Keys:      262144000
Elapsed:   945 sec
Log:       /home/smrc/virtual_compaction/eval-vcomp/log_batch/260408_1553_250gb_x30/baseline_run9
DB:        /work/vcomp/260408_1553_250gb_x30/baseline_run9
Exit code: 0
[baseline_run9] Done: 945s, 177G

────────────────────────────────────────
[baseline_run10] Starting (Wed 08 Apr 2026 06:12:08 PM UTC)
────────────────────────────────────────
=== baseline | 250GB | Wed 08 Apr 2026 06:12:08 PM UTC ===
[MODE] baseline
[RUN_CMD]
/home/smrc/virtual_compaction/eval-vcomp/../vcomp/db_bench --statistics=1 --stats_interval_seconds=60 --stats_per_interval=1 --report_interval_seconds=10 --report_file=/home/smrc/virtual_compaction/eval-vcomp/log_batch/260408_1553_250gb_x30/baseline_run10/report.rep --cache_size=2147483648 --enable_index_compression=false --bloom_bits=10 --disable_wal=true --max_background_jobs=48 --num=262144000 --key_size=24 --value_size=1000 --seed=12345678 --db=/work/vcomp/260408_1553_250gb_x30/baseline_run10 --use_direct_reads=true --use_direct_io_for_flush_and_compaction=true --compression_type=none --benchmarks=fillrandom\,waitforcompaction\,stats\,levelstats 
[INFO] Page cache dropped (sudo)

=== Summary ===
Mode:      baseline
DB Size:   177G
Keys:      262144000
Elapsed:   930 sec
Log:       /home/smrc/virtual_compaction/eval-vcomp/log_batch/260408_1553_250gb_x30/baseline_run10
DB:        /work/vcomp/260408_1553_250gb_x30/baseline_run10
Exit code: 0
[baseline_run10] Done: 930s, 177G

────────────────────────────────────────
[baseline_run11] Starting (Wed 08 Apr 2026 06:27:38 PM UTC)
────────────────────────────────────────
=== baseline | 250GB | Wed 08 Apr 2026 06:27:38 PM UTC ===
[MODE] baseline
[RUN_CMD]
/home/smrc/virtual_compaction/eval-vcomp/../vcomp/db_bench --statistics=1 --stats_interval_seconds=60 --stats_per_interval=1 --report_interval_seconds=10 --report_file=/home/smrc/virtual_compaction/eval-vcomp/log_batch/260408_1553_250gb_x30/baseline_run11/report.rep --cache_size=2147483648 --enable_index_compression=false --bloom_bits=10 --disable_wal=true --max_background_jobs=48 --num=262144000 --key_size=24 --value_size=1000 --seed=12345678 --db=/work/vcomp/260408_1553_250gb_x30/baseline_run11 --use_direct_reads=true --use_direct_io_for_flush_and_compaction=true --compression_type=none --benchmarks=fillrandom\,waitforcompaction\,stats\,levelstats 
[INFO] Page cache dropped (sudo)

=== Summary ===
Mode:      baseline
DB Size:   177G
Keys:      262144000
Elapsed:   923 sec
Log:       /home/smrc/virtual_compaction/eval-vcomp/log_batch/260408_1553_250gb_x30/baseline_run11
DB:        /work/vcomp/260408_1553_250gb_x30/baseline_run11
Exit code: 0
[baseline_run11] Done: 923s, 177G

────────────────────────────────────────
[baseline_run12] Starting (Wed 08 Apr 2026 06:43:01 PM UTC)
────────────────────────────────────────
=== baseline | 250GB | Wed 08 Apr 2026 06:43:01 PM UTC ===
[MODE] baseline
[RUN_CMD]
/home/smrc/virtual_compaction/eval-vcomp/../vcomp/db_bench --statistics=1 --stats_interval_seconds=60 --stats_per_interval=1 --report_interval_seconds=10 --report_file=/home/smrc/virtual_compaction/eval-vcomp/log_batch/260408_1553_250gb_x30/baseline_run12/report.rep --cache_size=2147483648 --enable_index_compression=false --bloom_bits=10 --disable_wal=true --max_background_jobs=48 --num=262144000 --key_size=24 --value_size=1000 --seed=12345678 --db=/work/vcomp/260408_1553_250gb_x30/baseline_run12 --use_direct_reads=true --use_direct_io_for_flush_and_compaction=true --compression_type=none --benchmarks=fillrandom\,waitforcompaction\,stats\,levelstats 
[INFO] Page cache dropped (sudo)

=== Summary ===
Mode:      baseline
DB Size:   177G
Keys:      262144000
Elapsed:   944 sec
Log:       /home/smrc/virtual_compaction/eval-vcomp/log_batch/260408_1553_250gb_x30/baseline_run12
DB:        /work/vcomp/260408_1553_250gb_x30/baseline_run12
Exit code: 0
[baseline_run12] Done: 945s, 177G

────────────────────────────────────────
[baseline_run13] Starting (Wed 08 Apr 2026 06:58:46 PM UTC)
────────────────────────────────────────
=== baseline | 250GB | Wed 08 Apr 2026 06:58:46 PM UTC ===
[MODE] baseline
[RUN_CMD]
/home/smrc/virtual_compaction/eval-vcomp/../vcomp/db_bench --statistics=1 --stats_interval_seconds=60 --stats_per_interval=1 --report_interval_seconds=10 --report_file=/home/smrc/virtual_compaction/eval-vcomp/log_batch/260408_1553_250gb_x30/baseline_run13/report.rep --cache_size=2147483648 --enable_index_compression=false --bloom_bits=10 --disable_wal=true --max_background_jobs=48 --num=262144000 --key_size=24 --value_size=1000 --seed=12345678 --db=/work/vcomp/260408_1553_250gb_x30/baseline_run13 --use_direct_reads=true --use_direct_io_for_flush_and_compaction=true --compression_type=none --benchmarks=fillrandom\,waitforcompaction\,stats\,levelstats 
[INFO] Page cache dropped (sudo)

=== Summary ===
Mode:      baseline
DB Size:   177G
Keys:      262144000
Elapsed:   945 sec
Log:       /home/smrc/virtual_compaction/eval-vcomp/log_batch/260408_1553_250gb_x30/baseline_run13
DB:        /work/vcomp/260408_1553_250gb_x30/baseline_run13
Exit code: 0
[baseline_run13] Done: 945s, 177G

────────────────────────────────────────
[baseline_run14] Starting (Wed 08 Apr 2026 07:14:31 PM UTC)
────────────────────────────────────────
=== baseline | 250GB | Wed 08 Apr 2026 07:14:31 PM UTC ===
[MODE] baseline
[RUN_CMD]
/home/smrc/virtual_compaction/eval-vcomp/../vcomp/db_bench --statistics=1 --stats_interval_seconds=60 --stats_per_interval=1 --report_interval_seconds=10 --report_file=/home/smrc/virtual_compaction/eval-vcomp/log_batch/260408_1553_250gb_x30/baseline_run14/report.rep --cache_size=2147483648 --enable_index_compression=false --bloom_bits=10 --disable_wal=true --max_background_jobs=48 --num=262144000 --key_size=24 --value_size=1000 --seed=12345678 --db=/work/vcomp/260408_1553_250gb_x30/baseline_run14 --use_direct_reads=true --use_direct_io_for_flush_and_compaction=true --compression_type=none --benchmarks=fillrandom\,waitforcompaction\,stats\,levelstats 
[INFO] Page cache dropped (sudo)

=== Summary ===
Mode:      baseline
DB Size:   177G
Keys:      262144000
Elapsed:   946 sec
Log:       /home/smrc/virtual_compaction/eval-vcomp/log_batch/260408_1553_250gb_x30/baseline_run14
DB:        /work/vcomp/260408_1553_250gb_x30/baseline_run14
Exit code: 0
[baseline_run14] Done: 946s, 177G

────────────────────────────────────────
[baseline_run15] Starting (Wed 08 Apr 2026 07:30:17 PM UTC)
────────────────────────────────────────
=== baseline | 250GB | Wed 08 Apr 2026 07:30:17 PM UTC ===
[MODE] baseline
[RUN_CMD]
/home/smrc/virtual_compaction/eval-vcomp/../vcomp/db_bench --statistics=1 --stats_interval_seconds=60 --stats_per_interval=1 --report_interval_seconds=10 --report_file=/home/smrc/virtual_compaction/eval-vcomp/log_batch/260408_1553_250gb_x30/baseline_run15/report.rep --cache_size=2147483648 --enable_index_compression=false --bloom_bits=10 --disable_wal=true --max_background_jobs=48 --num=262144000 --key_size=24 --value_size=1000 --seed=12345678 --db=/work/vcomp/260408_1553_250gb_x30/baseline_run15 --use_direct_reads=true --use_direct_io_for_flush_and_compaction=true --compression_type=none --benchmarks=fillrandom\,waitforcompaction\,stats\,levelstats 
[INFO] Page cache dropped (sudo)

=== Summary ===
Mode:      baseline
DB Size:   177G
Keys:      262144000
Elapsed:   924 sec
Log:       /home/smrc/virtual_compaction/eval-vcomp/log_batch/260408_1553_250gb_x30/baseline_run15
DB:        /work/vcomp/260408_1553_250gb_x30/baseline_run15
Exit code: 0
[baseline_run15] Done: 924s, 177G

────────────────────────────────────────
[baseline_run16] Starting (Wed 08 Apr 2026 07:45:41 PM UTC)
────────────────────────────────────────
=== baseline | 250GB | Wed 08 Apr 2026 07:45:41 PM UTC ===
[MODE] baseline
[RUN_CMD]
/home/smrc/virtual_compaction/eval-vcomp/../vcomp/db_bench --statistics=1 --stats_interval_seconds=60 --stats_per_interval=1 --report_interval_seconds=10 --report_file=/home/smrc/virtual_compaction/eval-vcomp/log_batch/260408_1553_250gb_x30/baseline_run16/report.rep --cache_size=2147483648 --enable_index_compression=false --bloom_bits=10 --disable_wal=true --max_background_jobs=48 --num=262144000 --key_size=24 --value_size=1000 --seed=12345678 --db=/work/vcomp/260408_1553_250gb_x30/baseline_run16 --use_direct_reads=true --use_direct_io_for_flush_and_compaction=true --compression_type=none --benchmarks=fillrandom\,waitforcompaction\,stats\,levelstats 
[INFO] Page cache dropped (sudo)

=== Summary ===
Mode:      baseline
DB Size:   177G
Keys:      262144000
Elapsed:   918 sec
Log:       /home/smrc/virtual_compaction/eval-vcomp/log_batch/260408_1553_250gb_x30/baseline_run16
DB:        /work/vcomp/260408_1553_250gb_x30/baseline_run16
Exit code: 0
[baseline_run16] Done: 919s, 177G

────────────────────────────────────────
[baseline_run17] Starting (Wed 08 Apr 2026 08:01:00 PM UTC)
────────────────────────────────────────
=== baseline | 250GB | Wed 08 Apr 2026 08:01:00 PM UTC ===
[MODE] baseline
[RUN_CMD]
/home/smrc/virtual_compaction/eval-vcomp/../vcomp/db_bench --statistics=1 --stats_interval_seconds=60 --stats_per_interval=1 --report_interval_seconds=10 --report_file=/home/smrc/virtual_compaction/eval-vcomp/log_batch/260408_1553_250gb_x30/baseline_run17/report.rep --cache_size=2147483648 --enable_index_compression=false --bloom_bits=10 --disable_wal=true --max_background_jobs=48 --num=262144000 --key_size=24 --value_size=1000 --seed=12345678 --db=/work/vcomp/260408_1553_250gb_x30/baseline_run17 --use_direct_reads=true --use_direct_io_for_flush_and_compaction=true --compression_type=none --benchmarks=fillrandom\,waitforcompaction\,stats\,levelstats 
[INFO] Page cache dropped (sudo)

=== Summary ===
Mode:      baseline
DB Size:   177G
Keys:      262144000
Elapsed:   930 sec
Log:       /home/smrc/virtual_compaction/eval-vcomp/log_batch/260408_1553_250gb_x30/baseline_run17
DB:        /work/vcomp/260408_1553_250gb_x30/baseline_run17
Exit code: 0
[baseline_run17] Done: 931s, 177G

────────────────────────────────────────
[baseline_run18] Starting (Wed 08 Apr 2026 08:16:31 PM UTC)
────────────────────────────────────────
=== baseline | 250GB | Wed 08 Apr 2026 08:16:31 PM UTC ===
[MODE] baseline
[RUN_CMD]
/home/smrc/virtual_compaction/eval-vcomp/../vcomp/db_bench --statistics=1 --stats_interval_seconds=60 --stats_per_interval=1 --report_interval_seconds=10 --report_file=/home/smrc/virtual_compaction/eval-vcomp/log_batch/260408_1553_250gb_x30/baseline_run18/report.rep --cache_size=2147483648 --enable_index_compression=false --bloom_bits=10 --disable_wal=true --max_background_jobs=48 --num=262144000 --key_size=24 --value_size=1000 --seed=12345678 --db=/work/vcomp/260408_1553_250gb_x30/baseline_run18 --use_direct_reads=true --use_direct_io_for_flush_and_compaction=true --compression_type=none --benchmarks=fillrandom\,waitforcompaction\,stats\,levelstats 
[INFO] Page cache dropped (sudo)

=== Summary ===
Mode:      baseline
DB Size:   177G
Keys:      262144000
Elapsed:   933 sec
Log:       /home/smrc/virtual_compaction/eval-vcomp/log_batch/260408_1553_250gb_x30/baseline_run18
DB:        /work/vcomp/260408_1553_250gb_x30/baseline_run18
Exit code: 0
[baseline_run18] Done: 934s, 177G

────────────────────────────────────────
[baseline_run19] Starting (Wed 08 Apr 2026 08:32:05 PM UTC)
────────────────────────────────────────
=== baseline | 250GB | Wed 08 Apr 2026 08:32:05 PM UTC ===
[MODE] baseline
[RUN_CMD]
/home/smrc/virtual_compaction/eval-vcomp/../vcomp/db_bench --statistics=1 --stats_interval_seconds=60 --stats_per_interval=1 --report_interval_seconds=10 --report_file=/home/smrc/virtual_compaction/eval-vcomp/log_batch/260408_1553_250gb_x30/baseline_run19/report.rep --cache_size=2147483648 --enable_index_compression=false --bloom_bits=10 --disable_wal=true --max_background_jobs=48 --num=262144000 --key_size=24 --value_size=1000 --seed=12345678 --db=/work/vcomp/260408_1553_250gb_x30/baseline_run19 --use_direct_reads=true --use_direct_io_for_flush_and_compaction=true --compression_type=none --benchmarks=fillrandom\,waitforcompaction\,stats\,levelstats 
[INFO] Page cache dropped (sudo)

=== Summary ===
Mode:      baseline
DB Size:   177G
Keys:      262144000
Elapsed:   926 sec
Log:       /home/smrc/virtual_compaction/eval-vcomp/log_batch/260408_1553_250gb_x30/baseline_run19
DB:        /work/vcomp/260408_1553_250gb_x30/baseline_run19
Exit code: 0
[baseline_run19] Done: 927s, 177G

────────────────────────────────────────
[baseline_run20] Starting (Wed 08 Apr 2026 08:47:32 PM UTC)
────────────────────────────────────────
=== baseline | 250GB | Wed 08 Apr 2026 08:47:32 PM UTC ===
[MODE] baseline
[RUN_CMD]
/home/smrc/virtual_compaction/eval-vcomp/../vcomp/db_bench --statistics=1 --stats_interval_seconds=60 --stats_per_interval=1 --report_interval_seconds=10 --report_file=/home/smrc/virtual_compaction/eval-vcomp/log_batch/260408_1553_250gb_x30/baseline_run20/report.rep --cache_size=2147483648 --enable_index_compression=false --bloom_bits=10 --disable_wal=true --max_background_jobs=48 --num=262144000 --key_size=24 --value_size=1000 --seed=12345678 --db=/work/vcomp/260408_1553_250gb_x30/baseline_run20 --use_direct_reads=true --use_direct_io_for_flush_and_compaction=true --compression_type=none --benchmarks=fillrandom\,waitforcompaction\,stats\,levelstats 
[INFO] Page cache dropped (sudo)

=== Summary ===
Mode:      baseline
DB Size:   177G
Keys:      262144000
Elapsed:   918 sec
Log:       /home/smrc/virtual_compaction/eval-vcomp/log_batch/260408_1553_250gb_x30/baseline_run20
DB:        /work/vcomp/260408_1553_250gb_x30/baseline_run20
Exit code: 0
[baseline_run20] Done: 918s, 177G

────────────────────────────────────────
[baseline_run21] Starting (Wed 08 Apr 2026 09:02:50 PM UTC)
────────────────────────────────────────
=== baseline | 250GB | Wed 08 Apr 2026 09:02:50 PM UTC ===
[MODE] baseline
[RUN_CMD]
/home/smrc/virtual_compaction/eval-vcomp/../vcomp/db_bench --statistics=1 --stats_interval_seconds=60 --stats_per_interval=1 --report_interval_seconds=10 --report_file=/home/smrc/virtual_compaction/eval-vcomp/log_batch/260408_1553_250gb_x30/baseline_run21/report.rep --cache_size=2147483648 --enable_index_compression=false --bloom_bits=10 --disable_wal=true --max_background_jobs=48 --num=262144000 --key_size=24 --value_size=1000 --seed=12345678 --db=/work/vcomp/260408_1553_250gb_x30/baseline_run21 --use_direct_reads=true --use_direct_io_for_flush_and_compaction=true --compression_type=none --benchmarks=fillrandom\,waitforcompaction\,stats\,levelstats 
[INFO] Page cache dropped (sudo)

=== Summary ===
Mode:      baseline
DB Size:   177G
Keys:      262144000
Elapsed:   922 sec
Log:       /home/smrc/virtual_compaction/eval-vcomp/log_batch/260408_1553_250gb_x30/baseline_run21
DB:        /work/vcomp/260408_1553_250gb_x30/baseline_run21
Exit code: 0
[baseline_run21] Done: 923s, 177G

────────────────────────────────────────
[baseline_run22] Starting (Wed 08 Apr 2026 09:18:13 PM UTC)
────────────────────────────────────────
=== baseline | 250GB | Wed 08 Apr 2026 09:18:13 PM UTC ===
[MODE] baseline
[RUN_CMD]
/home/smrc/virtual_compaction/eval-vcomp/../vcomp/db_bench --statistics=1 --stats_interval_seconds=60 --stats_per_interval=1 --report_interval_seconds=10 --report_file=/home/smrc/virtual_compaction/eval-vcomp/log_batch/260408_1553_250gb_x30/baseline_run22/report.rep --cache_size=2147483648 --enable_index_compression=false --bloom_bits=10 --disable_wal=true --max_background_jobs=48 --num=262144000 --key_size=24 --value_size=1000 --seed=12345678 --db=/work/vcomp/260408_1553_250gb_x30/baseline_run22 --use_direct_reads=true --use_direct_io_for_flush_and_compaction=true --compression_type=none --benchmarks=fillrandom\,waitforcompaction\,stats\,levelstats 
[INFO] Page cache dropped (sudo)

=== Summary ===
Mode:      baseline
DB Size:   177G
Keys:      262144000
Elapsed:   946 sec
Log:       /home/smrc/virtual_compaction/eval-vcomp/log_batch/260408_1553_250gb_x30/baseline_run22
DB:        /work/vcomp/260408_1553_250gb_x30/baseline_run22
Exit code: 0
[baseline_run22] Done: 946s, 177G

────────────────────────────────────────
[baseline_run23] Starting (Wed 08 Apr 2026 09:33:59 PM UTC)
────────────────────────────────────────
=== baseline | 250GB | Wed 08 Apr 2026 09:33:59 PM UTC ===
[MODE] baseline
[RUN_CMD]
/home/smrc/virtual_compaction/eval-vcomp/../vcomp/db_bench --statistics=1 --stats_interval_seconds=60 --stats_per_interval=1 --report_interval_seconds=10 --report_file=/home/smrc/virtual_compaction/eval-vcomp/log_batch/260408_1553_250gb_x30/baseline_run23/report.rep --cache_size=2147483648 --enable_index_compression=false --bloom_bits=10 --disable_wal=true --max_background_jobs=48 --num=262144000 --key_size=24 --value_size=1000 --seed=12345678 --db=/work/vcomp/260408_1553_250gb_x30/baseline_run23 --use_direct_reads=true --use_direct_io_for_flush_and_compaction=true --compression_type=none --benchmarks=fillrandom\,waitforcompaction\,stats\,levelstats 
[INFO] Page cache dropped (sudo)

=== Summary ===
Mode:      baseline
DB Size:   177G
Keys:      262144000
Elapsed:   928 sec
Log:       /home/smrc/virtual_compaction/eval-vcomp/log_batch/260408_1553_250gb_x30/baseline_run23
DB:        /work/vcomp/260408_1553_250gb_x30/baseline_run23
Exit code: 0
[baseline_run23] Done: 928s, 177G

────────────────────────────────────────
[baseline_run24] Starting (Wed 08 Apr 2026 09:49:27 PM UTC)
────────────────────────────────────────
=== baseline | 250GB | Wed 08 Apr 2026 09:49:27 PM UTC ===
[MODE] baseline
[RUN_CMD]
/home/smrc/virtual_compaction/eval-vcomp/../vcomp/db_bench --statistics=1 --stats_interval_seconds=60 --stats_per_interval=1 --report_interval_seconds=10 --report_file=/home/smrc/virtual_compaction/eval-vcomp/log_batch/260408_1553_250gb_x30/baseline_run24/report.rep --cache_size=2147483648 --enable_index_compression=false --bloom_bits=10 --disable_wal=true --max_background_jobs=48 --num=262144000 --key_size=24 --value_size=1000 --seed=12345678 --db=/work/vcomp/260408_1553_250gb_x30/baseline_run24 --use_direct_reads=true --use_direct_io_for_flush_and_compaction=true --compression_type=none --benchmarks=fillrandom\,waitforcompaction\,stats\,levelstats 
[INFO] Page cache dropped (sudo)

=== Summary ===
Mode:      baseline
DB Size:   177G
Keys:      262144000
Elapsed:   925 sec
Log:       /home/smrc/virtual_compaction/eval-vcomp/log_batch/260408_1553_250gb_x30/baseline_run24
DB:        /work/vcomp/260408_1553_250gb_x30/baseline_run24
Exit code: 0
[baseline_run24] Done: 925s, 177G

────────────────────────────────────────
[baseline_run25] Starting (Wed 08 Apr 2026 10:04:52 PM UTC)
────────────────────────────────────────
=== baseline | 250GB | Wed 08 Apr 2026 10:04:52 PM UTC ===
[MODE] baseline
[RUN_CMD]
/home/smrc/virtual_compaction/eval-vcomp/../vcomp/db_bench --statistics=1 --stats_interval_seconds=60 --stats_per_interval=1 --report_interval_seconds=10 --report_file=/home/smrc/virtual_compaction/eval-vcomp/log_batch/260408_1553_250gb_x30/baseline_run25/report.rep --cache_size=2147483648 --enable_index_compression=false --bloom_bits=10 --disable_wal=true --max_background_jobs=48 --num=262144000 --key_size=24 --value_size=1000 --seed=12345678 --db=/work/vcomp/260408_1553_250gb_x30/baseline_run25 --use_direct_reads=true --use_direct_io_for_flush_and_compaction=true --compression_type=none --benchmarks=fillrandom\,waitforcompaction\,stats\,levelstats 
[INFO] Page cache dropped (sudo)

=== Summary ===
Mode:      baseline
DB Size:   177G
Keys:      262144000
Elapsed:   917 sec
Log:       /home/smrc/virtual_compaction/eval-vcomp/log_batch/260408_1553_250gb_x30/baseline_run25
DB:        /work/vcomp/260408_1553_250gb_x30/baseline_run25
Exit code: 0
[baseline_run25] Done: 918s, 177G

────────────────────────────────────────
[baseline_run26] Starting (Wed 08 Apr 2026 10:20:10 PM UTC)
────────────────────────────────────────
=== baseline | 250GB | Wed 08 Apr 2026 10:20:10 PM UTC ===
[MODE] baseline
[RUN_CMD]
/home/smrc/virtual_compaction/eval-vcomp/../vcomp/db_bench --statistics=1 --stats_interval_seconds=60 --stats_per_interval=1 --report_interval_seconds=10 --report_file=/home/smrc/virtual_compaction/eval-vcomp/log_batch/260408_1553_250gb_x30/baseline_run26/report.rep --cache_size=2147483648 --enable_index_compression=false --bloom_bits=10 --disable_wal=true --max_background_jobs=48 --num=262144000 --key_size=24 --value_size=1000 --seed=12345678 --db=/work/vcomp/260408_1553_250gb_x30/baseline_run26 --use_direct_reads=true --use_direct_io_for_flush_and_compaction=true --compression_type=none --benchmarks=fillrandom\,waitforcompaction\,stats\,levelstats 
[INFO] Page cache dropped (sudo)

=== Summary ===
Mode:      baseline
DB Size:   177G
Keys:      262144000
Elapsed:   928 sec
Log:       /home/smrc/virtual_compaction/eval-vcomp/log_batch/260408_1553_250gb_x30/baseline_run26
DB:        /work/vcomp/260408_1553_250gb_x30/baseline_run26
Exit code: 0
[baseline_run26] Done: 928s, 177G

────────────────────────────────────────
[baseline_run27] Starting (Wed 08 Apr 2026 10:35:38 PM UTC)
────────────────────────────────────────
=== baseline | 250GB | Wed 08 Apr 2026 10:35:38 PM UTC ===
[MODE] baseline
[RUN_CMD]
/home/smrc/virtual_compaction/eval-vcomp/../vcomp/db_bench --statistics=1 --stats_interval_seconds=60 --stats_per_interval=1 --report_interval_seconds=10 --report_file=/home/smrc/virtual_compaction/eval-vcomp/log_batch/260408_1553_250gb_x30/baseline_run27/report.rep --cache_size=2147483648 --enable_index_compression=false --bloom_bits=10 --disable_wal=true --max_background_jobs=48 --num=262144000 --key_size=24 --value_size=1000 --seed=12345678 --db=/work/vcomp/260408_1553_250gb_x30/baseline_run27 --use_direct_reads=true --use_direct_io_for_flush_and_compaction=true --compression_type=none --benchmarks=fillrandom\,waitforcompaction\,stats\,levelstats 
[INFO] Page cache dropped (sudo)

=== Summary ===
Mode:      baseline
DB Size:   177G
Keys:      262144000
Elapsed:   927 sec
Log:       /home/smrc/virtual_compaction/eval-vcomp/log_batch/260408_1553_250gb_x30/baseline_run27
DB:        /work/vcomp/260408_1553_250gb_x30/baseline_run27
Exit code: 0
[baseline_run27] Done: 928s, 177G

────────────────────────────────────────
[baseline_run28] Starting (Wed 08 Apr 2026 10:51:06 PM UTC)
────────────────────────────────────────
=== baseline | 250GB | Wed 08 Apr 2026 10:51:06 PM UTC ===
[MODE] baseline
[RUN_CMD]
/home/smrc/virtual_compaction/eval-vcomp/../vcomp/db_bench --statistics=1 --stats_interval_seconds=60 --stats_per_interval=1 --report_interval_seconds=10 --report_file=/home/smrc/virtual_compaction/eval-vcomp/log_batch/260408_1553_250gb_x30/baseline_run28/report.rep --cache_size=2147483648 --enable_index_compression=false --bloom_bits=10 --disable_wal=true --max_background_jobs=48 --num=262144000 --key_size=24 --value_size=1000 --seed=12345678 --db=/work/vcomp/260408_1553_250gb_x30/baseline_run28 --use_direct_reads=true --use_direct_io_for_flush_and_compaction=true --compression_type=none --benchmarks=fillrandom\,waitforcompaction\,stats\,levelstats 
[INFO] Page cache dropped (sudo)

=== Summary ===
Mode:      baseline
DB Size:   177G
Keys:      262144000
Elapsed:   943 sec
Log:       /home/smrc/virtual_compaction/eval-vcomp/log_batch/260408_1553_250gb_x30/baseline_run28
DB:        /work/vcomp/260408_1553_250gb_x30/baseline_run28
Exit code: 0
[baseline_run28] Done: 943s, 177G

────────────────────────────────────────
[baseline_run29] Starting (Wed 08 Apr 2026 11:06:49 PM UTC)
────────────────────────────────────────
=== baseline | 250GB | Wed 08 Apr 2026 11:06:49 PM UTC ===
[MODE] baseline
[RUN_CMD]
/home/smrc/virtual_compaction/eval-vcomp/../vcomp/db_bench --statistics=1 --stats_interval_seconds=60 --stats_per_interval=1 --report_interval_seconds=10 --report_file=/home/smrc/virtual_compaction/eval-vcomp/log_batch/260408_1553_250gb_x30/baseline_run29/report.rep --cache_size=2147483648 --enable_index_compression=false --bloom_bits=10 --disable_wal=true --max_background_jobs=48 --num=262144000 --key_size=24 --value_size=1000 --seed=12345678 --db=/work/vcomp/260408_1553_250gb_x30/baseline_run29 --use_direct_reads=true --use_direct_io_for_flush_and_compaction=true --compression_type=none --benchmarks=fillrandom\,waitforcompaction\,stats\,levelstats 
[INFO] Page cache dropped (sudo)

=== Summary ===
Mode:      baseline
DB Size:   177G
Keys:      262144000
Elapsed:   912 sec
Log:       /home/smrc/virtual_compaction/eval-vcomp/log_batch/260408_1553_250gb_x30/baseline_run29
DB:        /work/vcomp/260408_1553_250gb_x30/baseline_run29
Exit code: 0
[baseline_run29] Done: 913s, 177G

────────────────────────────────────────
[baseline_run30] Starting (Wed 08 Apr 2026 11:22:02 PM UTC)
────────────────────────────────────────
=== baseline | 250GB | Wed 08 Apr 2026 11:22:02 PM UTC ===
[MODE] baseline
[RUN_CMD]
/home/smrc/virtual_compaction/eval-vcomp/../vcomp/db_bench --statistics=1 --stats_interval_seconds=60 --stats_per_interval=1 --report_interval_seconds=10 --report_file=/home/smrc/virtual_compaction/eval-vcomp/log_batch/260408_1553_250gb_x30/baseline_run30/report.rep --cache_size=2147483648 --enable_index_compression=false --bloom_bits=10 --disable_wal=true --max_background_jobs=48 --num=262144000 --key_size=24 --value_size=1000 --seed=12345678 --db=/work/vcomp/260408_1553_250gb_x30/baseline_run30 --use_direct_reads=true --use_direct_io_for_flush_and_compaction=true --compression_type=none --benchmarks=fillrandom\,waitforcompaction\,stats\,levelstats 
[INFO] Page cache dropped (sudo)

=== Summary ===
Mode:      baseline
DB Size:   177G
Keys:      262144000
Elapsed:   917 sec
Log:       /home/smrc/virtual_compaction/eval-vcomp/log_batch/260408_1553_250gb_x30/baseline_run30
DB:        /work/vcomp/260408_1553_250gb_x30/baseline_run30
Exit code: 0
[baseline_run30] Done: 917s, 177G

==========================================
  Batch Complete (Wed 08 Apr 2026 11:37:19 PM UTC)
==========================================

--- baseline ---
  Runs:   30
  Mean:   928.1 sec
  Stddev: 10.5 sec
  Min:    913 sec
  Max:    946 sec

CSV: /home/smrc/virtual_compaction/eval-vcomp/log_batch/260408_1553_250gb_x30/results.csv
Done.
